I'm sorry, but errors were detected in your script. Please correct the
errors listed below, and try again.


File "game/script.rpy", line 321: expected statement.
    for titulo, nombre in credits:
              ^

Ren'Py Version: Ren'Py 8.3.7.25031702
Sun Apr 27 15:57:48 2025
